// Jest Snapshot v1, https://goo.gl/fbAQLP

exports[`Input 渲染一个 Input 1`] = `
<span
  className="algae-ui-input-wrapper"
>
  <input
    className="algae-ui-input"
    onChange={[Function]}
    style={Object {}}
    type="text"
  />
</span>
`;
