// Jest Snapshot v1, https://goo.gl/fbAQLP

exports[`Button buttonType ä¸º primary 1`] = `
<button
  className="algae-ui-button algae-ui-button-primary"
  onClick={[Function]}
>
  button
</button>
`;
