// Jest Snapshot v1, https://goo.gl/fbAQLP

exports[`Rate 渲染一个带参数的 Rate 1`] = `
<div
  className="algae-ui-rate algae-ui-rate-disabled test"
  onMouseLeave={[Function]}
>
  <span
    className="algae-ui-rate-star-wrapper algae-ui-rate-star-wrapper-tips"
    data-tips="terrible"
  >
    <svg
      className="algae-ui-rate-star algae-ui-rate-star-full"
      height="200"
      onClick={[Function]}
      onMouseEnter={[Function]}
      onMouseMove={[Function]}
      viewBox="0 0 1072 1024"
      width="209.375"
    >
      <linearGradient
        id="grad-none"
        x1="0"
        x2="100%"
        y1="0"
        y2="0"
      >
        <stop
          offset={0}
          stopColor="#FDD164"
        />
        <stop
          offset="0%"
          stopColor="#E8E8E8"
        />
      </linearGradient>
      <linearGradient
        id="grad-half"
        x1="0"
        x2="100%"
        y1="0"
        y2="0"
      >
        <stop
          offset={0.5}
          stopColor="#FDD164"
        />
        <stop
          offset="0%"
          stopColor="#E8E8E8"
        />
      </linearGradient>
      <linearGradient
        id="grad-full"
        x1="0"
        x2="100%"
        y1="0"
        y2="0"
      >
        <stop
          offset={1}
          stopColor="#FDD164"
        />
        <stop
          offset="0%"
          stopColor="#E8E8E8"
        />
      </linearGradient>
      <path
        d="M534.8028125 845.988125l-268.26375 141.4125a38.323125 38.323125 0 0 1-55.569375-40.23937499l51.3534375-299.68781251L43.88 435.1615625a38.323125 38.323125 0 0 1 21.0778125-65.533125l300.8390625-43.6875L500.31124999 53.4603125a38.323125 38.323125 0 0 1 68.59875001 0l134.5153125 272.8621875 300.838125 43.6884375a38.323125 38.323125 0 0 1 21.07781249 65.533125L807.665 647.8559375l51.3525 299.68875a38.323125 38.323125 0 0 1-55.951875 39.856875z"
        fill="url(#grad-full)"
      />
    </svg>
  </span>
  <span
    className="algae-ui-rate-star-wrapper algae-ui-rate-star-wrapper-tips"
    data-tips="bad"
  >
    <svg
      className="algae-ui-rate-star algae-ui-rate-star-full"
      height="200"
      onClick={[Function]}
      onMouseEnter={[Function]}
      onMouseMove={[Function]}
      viewBox="0 0 1072 1024"
      width="209.375"
    >
      <linearGradient
        id="grad-none"
        x1="0"
        x2="100%"
        y1="0"
        y2="0"
      >
        <stop
          offset={0}
          stopColor="#FDD164"
        />
        <stop
          offset="0%"
          stopColor="#E8E8E8"
        />
      </linearGradient>
      <linearGradient
        id="grad-half"
        x1="0"
        x2="100%"
        y1="0"
        y2="0"
      >
        <stop
          offset={0.5}
          stopColor="#FDD164"
        />
        <stop
          offset="0%"
          stopColor="#E8E8E8"
        />
      </linearGradient>
      <linearGradient
        id="grad-full"
        x1="0"
        x2="100%"
        y1="0"
        y2="0"
      >
        <stop
          offset={1}
          stopColor="#FDD164"
        />
        <stop
          offset="0%"
          stopColor="#E8E8E8"
        />
      </linearGradient>
      <path
        d="M534.8028125 845.988125l-268.26375 141.4125a38.323125 38.323125 0 0 1-55.569375-40.23937499l51.3534375-299.68781251L43.88 435.1615625a38.323125 38.323125 0 0 1 21.0778125-65.533125l300.8390625-43.6875L500.31124999 53.4603125a38.323125 38.323125 0 0 1 68.59875001 0l134.5153125 272.8621875 300.838125 43.6884375a38.323125 38.323125 0 0 1 21.07781249 65.533125L807.665 647.8559375l51.3525 299.68875a38.323125 38.323125 0 0 1-55.951875 39.856875z"
        fill="url(#grad-full)"
      />
    </svg>
  </span>
  <span
    className="algae-ui-rate-star-wrapper algae-ui-rate-star-wrapper-tips"
    data-tips="normal"
  >
    <svg
      className="algae-ui-rate-star algae-ui-rate-star-none"
      height="200"
      onClick={[Function]}
      onMouseEnter={[Function]}
      onMouseMove={[Function]}
      viewBox="0 0 1072 1024"
      width="209.375"
    >
      <linearGradient
        id="grad-none"
        x1="0"
        x2="100%"
        y1="0"
        y2="0"
      >
        <stop
          offset={0}
          stopColor="#FDD164"
        />
        <stop
          offset="0%"
          stopColor="#E8E8E8"
        />
      </linearGradient>
      <linearGradient
        id="grad-half"
        x1="0"
        x2="100%"
        y1="0"
        y2="0"
      >
        <stop
          offset={0.5}
          stopColor="#FDD164"
        />
        <stop
          offset="0%"
          stopColor="#E8E8E8"
        />
      </linearGradient>
      <linearGradient
        id="grad-full"
        x1="0"
        x2="100%"
        y1="0"
        y2="0"
      >
        <stop
          offset={1}
          stopColor="#FDD164"
        />
        <stop
          offset="0%"
          stopColor="#E8E8E8"
        />
      </linearGradient>
      <path
        d="M534.8028125 845.988125l-268.26375 141.4125a38.323125 38.323125 0 0 1-55.569375-40.23937499l51.3534375-299.68781251L43.88 435.1615625a38.323125 38.323125 0 0 1 21.0778125-65.533125l300.8390625-43.6875L500.31124999 53.4603125a38.323125 38.323125 0 0 1 68.59875001 0l134.5153125 272.8621875 300.838125 43.6884375a38.323125 38.323125 0 0 1 21.07781249 65.533125L807.665 647.8559375l51.3525 299.68875a38.323125 38.323125 0 0 1-55.951875 39.856875z"
        fill="url(#grad-none)"
      />
    </svg>
  </span>
  <span
    className="algae-ui-rate-star-wrapper algae-ui-rate-star-wrapper-tips"
    data-tips="good"
  >
    <svg
      className="algae-ui-rate-star algae-ui-rate-star-none"
      height="200"
      onClick={[Function]}
      onMouseEnter={[Function]}
      onMouseMove={[Function]}
      viewBox="0 0 1072 1024"
      width="209.375"
    >
      <linearGradient
        id="grad-none"
        x1="0"
        x2="100%"
        y1="0"
        y2="0"
      >
        <stop
          offset={0}
          stopColor="#FDD164"
        />
        <stop
          offset="0%"
          stopColor="#E8E8E8"
        />
      </linearGradient>
      <linearGradient
        id="grad-half"
        x1="0"
        x2="100%"
        y1="0"
        y2="0"
      >
        <stop
          offset={0.5}
          stopColor="#FDD164"
        />
        <stop
          offset="0%"
          stopColor="#E8E8E8"
        />
      </linearGradient>
      <linearGradient
        id="grad-full"
        x1="0"
        x2="100%"
        y1="0"
        y2="0"
      >
        <stop
          offset={1}
          stopColor="#FDD164"
        />
        <stop
          offset="0%"
          stopColor="#E8E8E8"
        />
      </linearGradient>
      <path
        d="M534.8028125 845.988125l-268.26375 141.4125a38.323125 38.323125 0 0 1-55.569375-40.23937499l51.3534375-299.68781251L43.88 435.1615625a38.323125 38.323125 0 0 1 21.0778125-65.533125l300.8390625-43.6875L500.31124999 53.4603125a38.323125 38.323125 0 0 1 68.59875001 0l134.5153125 272.8621875 300.838125 43.6884375a38.323125 38.323125 0 0 1 21.07781249 65.533125L807.665 647.8559375l51.3525 299.68875a38.323125 38.323125 0 0 1-55.951875 39.856875z"
        fill="url(#grad-none)"
      />
    </svg>
  </span>
  <span
    className="algae-ui-rate-star-wrapper algae-ui-rate-star-wrapper-tips"
    data-tips="wonderful"
  >
    <svg
      className="algae-ui-rate-star algae-ui-rate-star-none"
      height="200"
      onClick={[Function]}
      onMouseEnter={[Function]}
      onMouseMove={[Function]}
      viewBox="0 0 1072 1024"
      width="209.375"
    >
      <linearGradient
        id="grad-none"
        x1="0"
        x2="100%"
        y1="0"
        y2="0"
      >
        <stop
          offset={0}
          stopColor="#FDD164"
        />
        <stop
          offset="0%"
          stopColor="#E8E8E8"
        />
      </linearGradient>
      <linearGradient
        id="grad-half"
        x1="0"
        x2="100%"
        y1="0"
        y2="0"
      >
        <stop
          offset={0.5}
          stopColor="#FDD164"
        />
        <stop
          offset="0%"
          stopColor="#E8E8E8"
        />
      </linearGradient>
      <linearGradient
        id="grad-full"
        x1="0"
        x2="100%"
        y1="0"
        y2="0"
      >
        <stop
          offset={1}
          stopColor="#FDD164"
        />
        <stop
          offset="0%"
          stopColor="#E8E8E8"
        />
      </linearGradient>
      <path
        d="M534.8028125 845.988125l-268.26375 141.4125a38.323125 38.323125 0 0 1-55.569375-40.23937499l51.3534375-299.68781251L43.88 435.1615625a38.323125 38.323125 0 0 1 21.0778125-65.533125l300.8390625-43.6875L500.31124999 53.4603125a38.323125 38.323125 0 0 1 68.59875001 0l134.5153125 272.8621875 300.838125 43.6884375a38.323125 38.323125 0 0 1 21.07781249 65.533125L807.665 647.8559375l51.3525 299.68875a38.323125 38.323125 0 0 1-55.951875 39.856875z"
        fill="url(#grad-none)"
      />
    </svg>
  </span>
</div>
`;

exports[`Rate 渲染一个最基本的 Rate 1`] = `
<div
  className="algae-ui-rate"
  onMouseLeave={[Function]}
>
  <span
    className="algae-ui-rate-star-wrapper"
  >
    <svg
      className="algae-ui-rate-star algae-ui-rate-star-none"
      height="200"
      onClick={[Function]}
      onMouseEnter={[Function]}
      onMouseMove={[Function]}
      viewBox="0 0 1072 1024"
      width="209.375"
    >
      <linearGradient
        id="grad-none"
        x1="0"
        x2="100%"
        y1="0"
        y2="0"
      >
        <stop
          offset={0}
          stopColor="#FDD164"
        />
        <stop
          offset="0%"
          stopColor="#E8E8E8"
        />
      </linearGradient>
      <linearGradient
        id="grad-half"
        x1="0"
        x2="100%"
        y1="0"
        y2="0"
      >
        <stop
          offset={0.5}
          stopColor="#FDD164"
        />
        <stop
          offset="0%"
          stopColor="#E8E8E8"
        />
      </linearGradient>
      <linearGradient
        id="grad-full"
        x1="0"
        x2="100%"
        y1="0"
        y2="0"
      >
        <stop
          offset={1}
          stopColor="#FDD164"
        />
        <stop
          offset="0%"
          stopColor="#E8E8E8"
        />
      </linearGradient>
      <path
        d="M534.8028125 845.988125l-268.26375 141.4125a38.323125 38.323125 0 0 1-55.569375-40.23937499l51.3534375-299.68781251L43.88 435.1615625a38.323125 38.323125 0 0 1 21.0778125-65.533125l300.8390625-43.6875L500.31124999 53.4603125a38.323125 38.323125 0 0 1 68.59875001 0l134.5153125 272.8621875 300.838125 43.6884375a38.323125 38.323125 0 0 1 21.07781249 65.533125L807.665 647.8559375l51.3525 299.68875a38.323125 38.323125 0 0 1-55.951875 39.856875z"
        fill="url(#grad-none)"
      />
    </svg>
  </span>
  <span
    className="algae-ui-rate-star-wrapper"
  >
    <svg
      className="algae-ui-rate-star algae-ui-rate-star-none"
      height="200"
      onClick={[Function]}
      onMouseEnter={[Function]}
      onMouseMove={[Function]}
      viewBox="0 0 1072 1024"
      width="209.375"
    >
      <linearGradient
        id="grad-none"
        x1="0"
        x2="100%"
        y1="0"
        y2="0"
      >
        <stop
          offset={0}
          stopColor="#FDD164"
        />
        <stop
          offset="0%"
          stopColor="#E8E8E8"
        />
      </linearGradient>
      <linearGradient
        id="grad-half"
        x1="0"
        x2="100%"
        y1="0"
        y2="0"
      >
        <stop
          offset={0.5}
          stopColor="#FDD164"
        />
        <stop
          offset="0%"
          stopColor="#E8E8E8"
        />
      </linearGradient>
      <linearGradient
        id="grad-full"
        x1="0"
        x2="100%"
        y1="0"
        y2="0"
      >
        <stop
          offset={1}
          stopColor="#FDD164"
        />
        <stop
          offset="0%"
          stopColor="#E8E8E8"
        />
      </linearGradient>
      <path
        d="M534.8028125 845.988125l-268.26375 141.4125a38.323125 38.323125 0 0 1-55.569375-40.23937499l51.3534375-299.68781251L43.88 435.1615625a38.323125 38.323125 0 0 1 21.0778125-65.533125l300.8390625-43.6875L500.31124999 53.4603125a38.323125 38.323125 0 0 1 68.59875001 0l134.5153125 272.8621875 300.838125 43.6884375a38.323125 38.323125 0 0 1 21.07781249 65.533125L807.665 647.8559375l51.3525 299.68875a38.323125 38.323125 0 0 1-55.951875 39.856875z"
        fill="url(#grad-none)"
      />
    </svg>
  </span>
  <span
    className="algae-ui-rate-star-wrapper"
  >
    <svg
      className="algae-ui-rate-star algae-ui-rate-star-none"
      height="200"
      onClick={[Function]}
      onMouseEnter={[Function]}
      onMouseMove={[Function]}
      viewBox="0 0 1072 1024"
      width="209.375"
    >
      <linearGradient
        id="grad-none"
        x1="0"
        x2="100%"
        y1="0"
        y2="0"
      >
        <stop
          offset={0}
          stopColor="#FDD164"
        />
        <stop
          offset="0%"
          stopColor="#E8E8E8"
        />
      </linearGradient>
      <linearGradient
        id="grad-half"
        x1="0"
        x2="100%"
        y1="0"
        y2="0"
      >
        <stop
          offset={0.5}
          stopColor="#FDD164"
        />
        <stop
          offset="0%"
          stopColor="#E8E8E8"
        />
      </linearGradient>
      <linearGradient
        id="grad-full"
        x1="0"
        x2="100%"
        y1="0"
        y2="0"
      >
        <stop
          offset={1}
          stopColor="#FDD164"
        />
        <stop
          offset="0%"
          stopColor="#E8E8E8"
        />
      </linearGradient>
      <path
        d="M534.8028125 845.988125l-268.26375 141.4125a38.323125 38.323125 0 0 1-55.569375-40.23937499l51.3534375-299.68781251L43.88 435.1615625a38.323125 38.323125 0 0 1 21.0778125-65.533125l300.8390625-43.6875L500.31124999 53.4603125a38.323125 38.323125 0 0 1 68.59875001 0l134.5153125 272.8621875 300.838125 43.6884375a38.323125 38.323125 0 0 1 21.07781249 65.533125L807.665 647.8559375l51.3525 299.68875a38.323125 38.323125 0 0 1-55.951875 39.856875z"
        fill="url(#grad-none)"
      />
    </svg>
  </span>
  <span
    className="algae-ui-rate-star-wrapper"
  >
    <svg
      className="algae-ui-rate-star algae-ui-rate-star-none"
      height="200"
      onClick={[Function]}
      onMouseEnter={[Function]}
      onMouseMove={[Function]}
      viewBox="0 0 1072 1024"
      width="209.375"
    >
      <linearGradient
        id="grad-none"
        x1="0"
        x2="100%"
        y1="0"
        y2="0"
      >
        <stop
          offset={0}
          stopColor="#FDD164"
        />
        <stop
          offset="0%"
          stopColor="#E8E8E8"
        />
      </linearGradient>
      <linearGradient
        id="grad-half"
        x1="0"
        x2="100%"
        y1="0"
        y2="0"
      >
        <stop
          offset={0.5}
          stopColor="#FDD164"
        />
        <stop
          offset="0%"
          stopColor="#E8E8E8"
        />
      </linearGradient>
      <linearGradient
        id="grad-full"
        x1="0"
        x2="100%"
        y1="0"
        y2="0"
      >
        <stop
          offset={1}
          stopColor="#FDD164"
        />
        <stop
          offset="0%"
          stopColor="#E8E8E8"
        />
      </linearGradient>
      <path
        d="M534.8028125 845.988125l-268.26375 141.4125a38.323125 38.323125 0 0 1-55.569375-40.23937499l51.3534375-299.68781251L43.88 435.1615625a38.323125 38.323125 0 0 1 21.0778125-65.533125l300.8390625-43.6875L500.31124999 53.4603125a38.323125 38.323125 0 0 1 68.59875001 0l134.5153125 272.8621875 300.838125 43.6884375a38.323125 38.323125 0 0 1 21.07781249 65.533125L807.665 647.8559375l51.3525 299.68875a38.323125 38.323125 0 0 1-55.951875 39.856875z"
        fill="url(#grad-none)"
      />
    </svg>
  </span>
  <span
    className="algae-ui-rate-star-wrapper"
  >
    <svg
      className="algae-ui-rate-star algae-ui-rate-star-none"
      height="200"
      onClick={[Function]}
      onMouseEnter={[Function]}
      onMouseMove={[Function]}
      viewBox="0 0 1072 1024"
      width="209.375"
    >
      <linearGradient
        id="grad-none"
        x1="0"
        x2="100%"
        y1="0"
        y2="0"
      >
        <stop
          offset={0}
          stopColor="#FDD164"
        />
        <stop
          offset="0%"
          stopColor="#E8E8E8"
        />
      </linearGradient>
      <linearGradient
        id="grad-half"
        x1="0"
        x2="100%"
        y1="0"
        y2="0"
      >
        <stop
          offset={0.5}
          stopColor="#FDD164"
        />
        <stop
          offset="0%"
          stopColor="#E8E8E8"
        />
      </linearGradient>
      <linearGradient
        id="grad-full"
        x1="0"
        x2="100%"
        y1="0"
        y2="0"
      >
        <stop
          offset={1}
          stopColor="#FDD164"
        />
        <stop
          offset="0%"
          stopColor="#E8E8E8"
        />
      </linearGradient>
      <path
        d="M534.8028125 845.988125l-268.26375 141.4125a38.323125 38.323125 0 0 1-55.569375-40.23937499l51.3534375-299.68781251L43.88 435.1615625a38.323125 38.323125 0 0 1 21.0778125-65.533125l300.8390625-43.6875L500.31124999 53.4603125a38.323125 38.323125 0 0 1 68.59875001 0l134.5153125 272.8621875 300.838125 43.6884375a38.323125 38.323125 0 0 1 21.07781249 65.533125L807.665 647.8559375l51.3525 299.68875a38.323125 38.323125 0 0 1-55.951875 39.856875z"
        fill="url(#grad-none)"
      />
    </svg>
  </span>
</div>
`;
